LENDO: KW_FN fn
LENDO: ID media
LENDO: LPAREN (
LENDO: ID a
LENDO: COLON :
LENDO: ID f32
LENDO: COMMA ,
LENDO: ID b
LENDO: COLON :
LENDO: ID f32
LENDO: RPAREN )
LENDO: ARROW ->
LENDO: ID f32
LENDO: LBRACE {
LENDO: KW_LET let
LENDO: KW_MUT mut
LENDO: ID m
LENDO: COLON :
LENDO: ID f32
LENDO: SEMI ;
LENDO: ID m
LENDO: EQ =
LENDO: LPAREN (
LENDO: ID a
LENDO: PLUS +
LENDO: ID b
LENDO: RPAREN )
LENDO: SLASH /
LENDO: LIT_FLOAT 2.0
LENDO: SEMI ;
LENDO: KW_RETURN return
LENDO: ID m
LENDO: SEMI ;
LENDO: RBRACE }
LENDO: $ $
Extraindo funcao...
Funcao extraida. Lendo parametros...
Parametros lidos. Calculando retorno...
Executando 3 comandos.
Executando comando 0
Executando comando 1
Executando comando 2
Retorno acionado no comando 2
Usando valor_retorno com tipo: FLOAT
Calculado com sucesso. Output tipo: FLOAT
