LENDO: KW_FN fn
LENDO: ID hipotenusa
LENDO: LPAREN (
LENDO: ID a
LENDO: COLON :
LENDO: ID f32
LENDO: COMMA ,
LENDO: ID b
LENDO: COLON :
LENDO: ID f32
LENDO: RPAREN )
LENDO: ARROW ->
LENDO: ID f32
LENDO: LBRACE {
LENDO: KW_LET let
LENDO: KW_MUT mut
LENDO: ID a2
LENDO: COLON :
LENDO: ID f32
LENDO: SEMI ;
LENDO: KW_LET let
LENDO: KW_MUT mut
LENDO: ID b2
LENDO: COLON :
LENDO: ID f32
LENDO: SEMI ;
LENDO: KW_LET let
LENDO: KW_MUT mut
LENDO: ID soma
LENDO: COLON :
LENDO: ID f32
LENDO: SEMI ;
LENDO: ID a2
LENDO: EQ =
LENDO: ID a
LENDO: STAR *
LENDO: ID a
LENDO: SEMI ;
LENDO: ID b2
LENDO: EQ =
LENDO: ID b
LENDO: STAR *
LENDO: ID b
LENDO: SEMI ;
LENDO: ID soma
LENDO: EQ =
LENDO: ID a2
LENDO: PLUS +
LENDO: ID b2
LENDO: SEMI ;
LENDO: KW_RETURN return
LENDO: ID soma
LENDO: SEMI ;
LENDO: RBRACE }
LENDO: $ $
Extraindo funcao...
Funcao extraida. Lendo parametros...
Parametros lidos. Calculando retorno...
Executando 7 comandos.
Executando comando 0
Executando comando 1
Executando comando 2
Executando comando 3
Executando comando 4
Executando comando 5
Executando comando 6
Retorno acionado no comando 6
Usando valor_retorno com tipo: FLOAT
Calculado com sucesso. Output tipo: FLOAT
