LENDO: KW_FN fn
LENDO: ID dobro
LENDO: LPAREN (
LENDO: ID n
LENDO: COLON :
LENDO: ID i32
LENDO: RPAREN )
LENDO: ARROW ->
LENDO: ID i32
LENDO: LBRACE {
LENDO: KW_RETURN return
LENDO: ID n
LENDO: STAR *
LENDO: LIT_INT_DEC 2
LENDO: SEMI ;
LENDO: RBRACE }
LENDO: $ $
Extraindo funcao...
Funcao extraida. Lendo parametros...
Parametros lidos. Calculando retorno...
Executando 1 comandos.
Executando comando 0
Retorno acionado no comando 0
Usando valor_retorno com tipo: INT
Calculado com sucesso. Output tipo: INT
