LENDO: KW_FN fn
LENDO: ID iguaisFloat
LENDO: LPAREN (
LENDO: ID a
LENDO: COLON :
LENDO: ID f32
LENDO: COMMA ,
LENDO: ID b
LENDO: COLON :
LENDO: ID f32
LENDO: RPAREN )
LENDO: ARROW ->
LENDO: ID bool
LENDO: LBRACE {
LENDO: KW_LET let
LENDO: KW_MUT mut
LENDO: ID resultado
LENDO: COLON :
LENDO: ID bool
LENDO: SEMI ;
LENDO: ID resultado
LENDO: EQ =
LENDO: ID a
LENDO: EQEQ ==
LENDO: ID b
LENDO: SEMI ;
LENDO: KW_RETURN return
LENDO: ID resultado
LENDO: SEMI ;
LENDO: RBRACE }
LENDO: $ $
Extraindo funcao...
Funcao extraida. Lendo parametros...
Parametros lidos. Calculando retorno...
Executando 3 comandos.
Executando comando 0
Executando comando 1
Executando comando 2
Retorno acionado no comando 2
Usando valor_retorno com tipo: BOOL
Calculado com sucesso. Output tipo: BOOL
