LENDO: KW_FN fn
LENDO: ID media3
LENDO: LPAREN (
LENDO: ID a
LENDO: COLON :
LENDO: ID i32
LENDO: COMMA ,
LENDO: ID b
LENDO: COLON :
LENDO: ID i32
LENDO: COMMA ,
LENDO: ID c
LENDO: COLON :
LENDO: ID i32
LENDO: RPAREN )
LENDO: ARROW ->
LENDO: ID i32
LENDO: LBRACE {
LENDO: KW_LET let
LENDO: KW_MUT mut
LENDO: ID soma
LENDO: COLON :
LENDO: ID i32
LENDO: SEMI ;
LENDO: KW_LET let
LENDO: KW_MUT mut
LENDO: ID resultado
LENDO: COLON :
LENDO: ID i32
LENDO: SEMI ;
LENDO: ID soma
LENDO: EQ =
LENDO: ID a
LENDO: PLUS +
LENDO: ID b
LENDO: PLUS +
LENDO: ID c
LENDO: SEMI ;
LENDO: ID resultado
LENDO: EQ =
LENDO: ID soma
LENDO: SLASH /
LENDO: LIT_INT_DEC 3
LENDO: SEMI ;
LENDO: KW_RETURN return
LENDO: ID resultado
LENDO: SEMI ;
LENDO: RBRACE }
LENDO: $ $
Extraindo funcao...
Funcao extraida. Lendo parametros...
Parametros lidos. Calculando retorno...
Executando 5 comandos.
Executando comando 0
Executando comando 1
Executando comando 2
Executando comando 3
Executando comando 4
Retorno acionado no comando 4
Usando valor_retorno com tipo: INT
Calculado com sucesso. Output tipo: INT
