LENDO: KW_FN fn
LENDO: ID calcular
LENDO: LPAREN (
LENDO: ID a
LENDO: COLON :
LENDO: ID i32
LENDO: COMMA ,
LENDO: ID b
LENDO: COLON :
LENDO: ID i32
LENDO: COMMA ,
LENDO: ID c
LENDO: COLON :
LENDO: ID i32
LENDO: RPAREN )
LENDO: ARROW ->
LENDO: ID i32
LENDO: LBRACE {
LENDO: KW_LET let
LENDO: KW_MUT mut
LENDO: ID resultado
LENDO: COLON :
LENDO: ID i32
LENDO: SEMI ;
LENDO: ID resultado
LENDO: EQ =
LENDO: LPAREN (
LENDO: ID a
LENDO: PLUS +
LENDO: ID b
LENDO: RPAREN )
LENDO: STAR *
LENDO: LPAREN (
LENDO: ID b
LENDO: MINUS -
LENDO: ID c
LENDO: RPAREN )
LENDO: SEMI ;
LENDO: KW_RETURN return
LENDO: ID resultado
LENDO: SEMI ;
LENDO: RBRACE }
LENDO: $ $
Extraindo funcao...
Funcao extraida. Lendo parametros...
Parametros lidos. Calculando retorno...
Executando 3 comandos.
Executando comando 0
Executando comando 1
Executando comando 2
Retorno acionado no comando 2
Usando valor_retorno com tipo: INT
Calculado com sucesso. Output tipo: INT
