LENDO: KW_FN fn
LENDO: ID testa
LENDO: LPAREN (
LENDO: ID ativo
LENDO: COLON :
LENDO: ID bool
LENDO: COMMA ,
LENDO: ID x
LENDO: COLON :
LENDO: ID i32
LENDO: RPAREN )
LENDO: ARROW ->
LENDO: ID bool
LENDO: LBRACE {
LENDO: KW_LET let
LENDO: KW_MUT mut
LENDO: ID ok
LENDO: COLON :
LENDO: ID bool
LENDO: SEMI ;
LENDO: ID ok
LENDO: EQ =
LENDO: BANG !
LENDO: ID false
LENDO: EQEQ ==
LENDO: LPAREN (
LENDO: ID x
LENDO: LT <
LENDO: LIT_INT_DEC 10
LENDO: RPAREN )
LENDO: SEMI ;
LENDO: KW_RETURN return
LENDO: ID ok
LENDO: SEMI ;
LENDO: RBRACE }
LENDO: $ $
Extraindo funcao...
Funcao extraida. Lendo parametros...
Parametros lidos. Calculando retorno...
Executando 3 comandos.
Executando comando 0
Executando comando 1
Executando comando 2
Retorno acionado no comando 2
Usando valor_retorno com tipo: BOOL
Calculado com sucesso. Output tipo: BOOL
