LENDO: KW_FN fn
LENDO: ID sombraRetornoExterno
LENDO: LPAREN (
LENDO: ID x
LENDO: COLON :
LENDO: ID i32
LENDO: RPAREN )
LENDO: ARROW ->
LENDO: ID i32
LENDO: LBRACE {
LENDO: KW_LET let
LENDO: KW_MUT mut
LENDO: ID resultado
LENDO: COLON :
LENDO: ID i32
LENDO: SEMI ;
LENDO: ID resultado
LENDO: EQ =
LENDO: ID x
LENDO: STAR *
LENDO: LIT_INT_DEC 100
LENDO: SEMI ;
LENDO: LBRACE {
LENDO: KW_LET let
LENDO: KW_MUT mut
LENDO: ID resultado
LENDO: COLON :
LENDO: ID i32
LENDO: SEMI ;
LENDO: ID resultado
LENDO: EQ =
LENDO: ID x
LENDO: STAR *
LENDO: LIT_INT_DEC 1
LENDO: SEMI ;
LENDO: RBRACE }
LENDO: KW_RETURN return
LENDO: ID resultado
LENDO: SEMI ;
LENDO: RBRACE }
LENDO: $ $
Extraindo funcao...
Funcao extraida. Lendo parametros...
Parametros lidos. Calculando retorno...
Executando 4 comandos.
Executando comando 0
Executando comando 1
Executando comando 2
Executando comando 3
Retorno acionado no comando 3
Usando valor_retorno com tipo: INT
Calculado com sucesso. Output tipo: INT
