LENDO: KW_FN fn
LENDO: ID sombraTresNiveis
LENDO: LPAREN (
LENDO: ID x
LENDO: COLON :
LENDO: ID i32
LENDO: RPAREN )
LENDO: ARROW ->
LENDO: ID i32
LENDO: LBRACE {
LENDO: KW_LET let
LENDO: KW_MUT mut
LENDO: ID v
LENDO: COLON :
LENDO: ID i32
LENDO: SEMI ;
LENDO: ID v
LENDO: EQ =
LENDO: ID x
LENDO: STAR *
LENDO: LIT_INT_DEC 2
LENDO: SEMI ;
LENDO: LBRACE {
LENDO: KW_LET let
LENDO: KW_MUT mut
LENDO: ID v
LENDO: COLON :
LENDO: ID i32
LENDO: SEMI ;
LENDO: ID v
LENDO: EQ =
LENDO: ID v
LENDO: STAR *
LENDO: LIT_INT_DEC 3
LENDO: SEMI ;
LENDO: LBRACE {
LENDO: KW_LET let
LENDO: KW_MUT mut
LENDO: ID v
LENDO: COLON :
LENDO: ID i32
LENDO: SEMI ;
LENDO: ID v
LENDO: EQ =
LENDO: ID v
LENDO: PLUS +
LENDO: LIT_INT_DEC 1
LENDO: SEMI ;
LENDO: KW_RETURN return
LENDO: ID v
LENDO: SEMI ;
LENDO: RBRACE }
LENDO: RBRACE }
LENDO: RBRACE }
LENDO: $ $
Extraindo funcao...
Funcao extraida. Lendo parametros...
Parametros lidos. Calculando retorno...
Executando 3 comandos.
Executando comando 0
Executando comando 1
Executando comando 2
Retorno acionado no comando 2
Usando valor_retorno com tipo: INT
Calculado com sucesso. Output tipo: INT
