LENDO: KW_FN fn
LENDO: ID sombraDupla
LENDO: LPAREN (
LENDO: ID a
LENDO: COLON :
LENDO: ID i32
LENDO: COMMA ,
LENDO: ID b
LENDO: COLON :
LENDO: ID i32
LENDO: RPAREN )
LENDO: ARROW ->
LENDO: ID i32
LENDO: LBRACE {
LENDO: KW_LET let
LENDO: KW_MUT mut
LENDO: ID v
LENDO: COLON :
LENDO: ID i32
LENDO: SEMI ;
LENDO: ID v
LENDO: EQ =
LENDO: ID a
LENDO: STAR *
LENDO: LIT_INT_DEC 10
LENDO: SEMI ;
LENDO: KW_LET let
LENDO: KW_MUT mut
LENDO: ID w
LENDO: COLON :
LENDO: ID i32
LENDO: SEMI ;
LENDO: ID w
LENDO: EQ =
LENDO: ID b
LENDO: PLUS +
LENDO: LIT_INT_DEC 1
LENDO: SEMI ;
LENDO: LBRACE {
LENDO: KW_LET let
LENDO: KW_MUT mut
LENDO: ID v
LENDO: COLON :
LENDO: ID i32
LENDO: SEMI ;
LENDO: ID v
LENDO: EQ =
LENDO: ID w
LENDO: STAR *
LENDO: LIT_INT_DEC 2
LENDO: SEMI ;
LENDO: LBRACE {
LENDO: KW_LET let
LENDO: KW_MUT mut
LENDO: ID w
LENDO: COLON :
LENDO: ID i32
LENDO: SEMI ;
LENDO: ID w
LENDO: EQ =
LENDO: ID v
LENDO: PLUS +
LENDO: ID v
LENDO: SEMI ;
LENDO: KW_RETURN return
LENDO: ID w
LENDO: SEMI ;
LENDO: RBRACE }
LENDO: RBRACE }
LENDO: RBRACE }
LENDO: $ $
Extraindo funcao...
Funcao extraida. Lendo parametros...
Parametros lidos. Calculando retorno...
Executando 5 comandos.
Executando comando 0
Executando comando 1
Executando comando 2
Executando comando 3
Executando comando 4
Retorno acionado no comando 4
Usando valor_retorno com tipo: INT
Calculado com sucesso. Output tipo: INT
