LENDO: KW_FN fn
LENDO: ID calcular
LENDO: LPAREN (
LENDO: ID a
LENDO: COLON :
LENDO: ID f32
LENDO: COMMA ,
LENDO: ID b
LENDO: COLON :
LENDO: ID f32
LENDO: COMMA ,
LENDO: ID n
LENDO: COLON :
LENDO: ID i32
LENDO: RPAREN )
LENDO: ARROW ->
LENDO: ID f32
LENDO: LBRACE {
LENDO: KW_LET let
LENDO: KW_MUT mut
LENDO: ID resultado
LENDO: COLON :
LENDO: ID f32
LENDO: SEMI ;
LENDO: ID resultado
LENDO: EQ =
LENDO: LPAREN (
LENDO: ID a
LENDO: PLUS +
LENDO: ID b
LENDO: RPAREN )
LENDO: STAR *
LENDO: LIT_FLOAT 2.0
LENDO: MINUS -
LENDO: LPAREN (
LENDO: ID a
LENDO: SLASH /
LENDO: ID b
LENDO: RPAREN )
LENDO: PLUS +
LENDO: ID n
LENDO: STAR *
LENDO: LIT_FLOAT 0.5
LENDO: SEMI ;
LENDO: KW_RETURN return
LENDO: ID resultado
LENDO: SEMI ;
LENDO: RBRACE }
LENDO: $ $
Extraindo funcao...
Funcao extraida. Lendo parametros...
Parametros lidos. Calculando retorno...
Executando 3 comandos.
Executando comando 0
Executando comando 1
ERRO SEMANTICO: Tipos incompativeis para multiplicacao
