LENDO: KW_FN fn
LENDO: ID erroRetornoFloat
LENDO: LPAREN (
LENDO: ID a
LENDO: COLON :
LENDO: ID i32
LENDO: RPAREN )
LENDO: ARROW ->
LENDO: ID i32
LENDO: LBRACE {
LENDO: KW_LET let
LENDO: KW_MUT mut
LENDO: ID resultado
LENDO: COLON :
LENDO: ID f32
LENDO: SEMI ;
LENDO: ID resultado
LENDO: EQ =
LENDO: ID a
LENDO: STAR *
LENDO: LIT_FLOAT 1.5
LENDO: SEMI ;
LENDO: KW_RETURN return
LENDO: ID resultado
LENDO: SEMI ;
LENDO: RBRACE }
LENDO: $ $
Extraindo funcao...
Funcao extraida. Lendo parametros...
Parametros lidos. Calculando retorno...
Executando 3 comandos.
Executando comando 0
Executando comando 1
ERRO SEMANTICO: Tipos incompativeis para multiplicacao
