LENDO: KW_FN fn
LENDO: ID erroRetornoFloatEmBool
LENDO: LPAREN (
LENDO: ID taxa
LENDO: COLON :
LENDO: ID f32
LENDO: COMMA ,
LENDO: ID valor
LENDO: COLON :
LENDO: ID i32
LENDO: RPAREN )
LENDO: ARROW ->
LENDO: ID bool
LENDO: LBRACE {
LENDO: KW_LET let
LENDO: KW_MUT mut
LENDO: ID desconto
LENDO: COLON :
LENDO: ID f32
LENDO: SEMI ;
LENDO: ID desconto
LENDO: EQ =
LENDO: ID valor
LENDO: STAR *
LENDO: ID taxa
LENDO: SEMI ;
LENDO: KW_RETURN return
LENDO: ID desconto
LENDO: SEMI ;
LENDO: RBRACE }
LENDO: $ $
Extraindo funcao...
Funcao extraida. Lendo parametros...
Parametros lidos. Calculando retorno...
Executando 3 comandos.
Executando comando 0
Executando comando 1
ERRO SEMANTICO: Tipos incompativeis para multiplicacao
