LENDO: KW_FN fn
LENDO: ID erroAtribuicaoFloat
LENDO: LPAREN (
LENDO: ID a
LENDO: COLON :
LENDO: ID i32
LENDO: RPAREN )
LENDO: ARROW ->
LENDO: ID i32
LENDO: LBRACE {
LENDO: KW_LET let
LENDO: KW_MUT mut
LENDO: ID x
LENDO: COLON :
LENDO: ID i32
LENDO: SEMI ;
LENDO: ID x
LENDO: EQ =
LENDO: LIT_FLOAT 3.14
LENDO: SEMI ;
LENDO: KW_RETURN return
LENDO: ID x
LENDO: SEMI ;
LENDO: RBRACE }
LENDO: $ $
Extraindo funcao...
Funcao extraida. Lendo parametros...
Parametros lidos. Calculando retorno...
Executando 3 comandos.
Executando comando 0
Executando comando 1
ERRO SEMANTICO: Tipos incompativeis na atribuicao de x
