LENDO: KW_FN fn
LENDO: ID erroNegacaoInt
LENDO: LPAREN (
LENDO: ID x
LENDO: COLON :
LENDO: ID i32
LENDO: RPAREN )
LENDO: ARROW ->
LENDO: ID bool
LENDO: LBRACE {
LENDO: KW_LET let
LENDO: KW_MUT mut
LENDO: ID resultado
LENDO: COLON :
LENDO: ID bool
LENDO: SEMI ;
LENDO: ID resultado
LENDO: EQ =
LENDO: BANG !
LENDO: ID x
LENDO: SEMI ;
LENDO: KW_RETURN return
LENDO: ID resultado
LENDO: SEMI ;
LENDO: RBRACE }
LENDO: $ $
Extraindo funcao...
Funcao extraida. Lendo parametros...
Parametros lidos. Calculando retorno...
Executando 3 comandos.
Executando comando 0
Executando comando 1
ERRO SEMANTICO: Tipos incompativeis para !
