LENDO: KW_FN fn
LENDO: ID f
LENDO: LPAREN (
LENDO: RPAREN )
LENDO: ARROW ->
LENDO: ID i32
LENDO: LBRACE {
LENDO: KW_LET let
LENDO: KW_MUT mut
LENDO: ID a
LENDO: COLON :
LENDO: ID i32
LENDO: SEMI ;
LENDO: KW_LET let
LENDO: KW_MUT mut
LENDO: ID b
LENDO: COLON :
LENDO: ID i32
LENDO: SEMI ;
LENDO: KW_LET let
LENDO: KW_MUT mut
LENDO: ID c
LENDO: COLON :
LENDO: ID i32
LENDO: SEMI ;
LENDO: KW_LET let
LENDO: KW_MUT mut
LENDO: ID d
LENDO: COLON :
LENDO: ID i32
LENDO: SEMI ;
LENDO: ID a
LENDO: EQ =
LENDO: LIT_INT_DEC 10
LENDO: SEMI ;
LENDO: ID b
LENDO: EQ =
LENDO: LIT_INT_DEC 25
LENDO: SEMI ;
LENDO: ID c
LENDO: EQ =
LENDO: LIT_INT_DEC 17
LENDO: SEMI ;
LENDO: ID d
LENDO: EQ =
LENDO: ID b
LENDO: STAR *
LENDO: ID b
LENDO: MINUS -
LENDO: LIT_INT_DEC 4
LENDO: STAR *
LENDO: ID a
LENDO: STAR *
LENDO: ID c
LENDO: SEMI ;
LENDO: KW_RETURN return
LENDO: ID d
LENDO: SEMI ;
LENDO: RBRACE }
LENDO: $ $
