LENDO: KW_FN fn
LENDO: ID F11
LENDO: LPAREN (
LENDO: RPAREN )
LENDO: LBRACE {
LENDO: KW_LET let
LENDO: KW_MUT mut
LENDO: ID a
LENDO: COLON :
LENDO: ID i32
LENDO: EQ =
LENDO: LIT_INT_DEC 1
LENDO: SEMI ;
LENDO: KW_LET let
LENDO: KW_MUT mut
LENDO: ID b
LENDO: COLON :
LENDO: ID i32
LENDO: EQ =
LENDO: LIT_INT_DEC 0
LENDO: SEMI ;
LENDO: KW_LET let
LENDO: KW_MUT mut
LENDO: ID result
LENDO: COLON :
LENDO: ID i32
LENDO: EQ =
LENDO: ID a
LENDO: AMPAMP &&
LENDO: ID b
LENDO: SEMI ;
LENDO: RBRACE }
LENDO: $ $
