LENDO: KW_FN fn
LENDO: ID F15
LENDO: LPAREN (
LENDO: ID x
LENDO: COLON :
LENDO: ID i32
LENDO: RPAREN )
LENDO: LBRACE {
LENDO: KW_LET let
LENDO: KW_MUT mut
LENDO: ID y
LENDO: COLON :
LENDO: ID i32
LENDO: SEMI ;
LENDO: KW_IF if
LENDO: LPAREN (
LENDO: ID x
LENDO: LT <
LENDO: LIT_INT_DEC 3
LENDO: RPAREN )
LENDO: LBRACE {
LENDO: ID y
LENDO: EQ =
LENDO: LIT_INT_DEC 0
LENDO: SEMI ;
LENDO: RBRACE }
LENDO: KW_ELSE else
LENDO: LBRACE {
LENDO: ID y
LENDO: EQ =
LENDO: LIT_INT_DEC 1
LENDO: SEMI ;
LENDO: RBRACE }
LENDO: RBRACE }
LENDO: $ $
