LENDO: KW_FN fn
LENDO: ID F18
LENDO: LPAREN (
LENDO: ID max
LENDO: COLON :
LENDO: ID i32
LENDO: RPAREN )
LENDO: LBRACE {
LENDO: KW_LET let
LENDO: KW_MUT mut
LENDO: ID i
LENDO: COLON :
LENDO: ID i32
LENDO: SEMI ;
LENDO: KW_LET let
LENDO: KW_MUT mut
LENDO: ID total
LENDO: COLON :
LENDO: ID i32
LENDO: EQ =
LENDO: LIT_INT_DEC 0
LENDO: SEMI ;
LENDO: ID i
LENDO: EQ =
LENDO: LIT_INT_DEC 0
LENDO: SEMI ;
LENDO: KW_WHILE while
LENDO: LPAREN (
LENDO: ID i
LENDO: LT <
LENDO: ID max
LENDO: RPAREN )
LENDO: LBRACE {
LENDO: ID total
LENDO: EQ =
LENDO: ID total
LENDO: PLUS +
LENDO: ID i
LENDO: SEMI ;
LENDO: ID i
LENDO: EQ =
LENDO: ID i
LENDO: PLUS +
LENDO: LIT_INT_DEC 1
LENDO: SEMI ;
LENDO: RBRACE }
LENDO: RBRACE }
LENDO: $ $
