LENDO: KW_FN fn
LENDO: ID F20
LENDO: LPAREN (
LENDO: ID a
LENDO: COLON :
LENDO: ID i32
LENDO: COMMA ,
LENDO: ID b
LENDO: COLON :
LENDO: ID i32
LENDO: COMMA ,
LENDO: ID c
LENDO: COLON :
LENDO: ID i32
LENDO: RPAREN )
LENDO: LBRACE {
LENDO: KW_LET let
LENDO: KW_MUT mut
LENDO: ID x
LENDO: COLON :
LENDO: ID i32
LENDO: EQ =
LENDO: ID a
LENDO: PLUS +
LENDO: ID b
LENDO: PLUS +
LENDO: ID c
LENDO: SEMI ;
LENDO: ID x
LENDO: EQ =
LENDO: ID x
LENDO: PLUS +
LENDO: LIT_INT_DEC 5
LENDO: SEMI ;
LENDO: RBRACE }
LENDO: $ $
