LENDO: KW_FN fn
LENDO: ID F21
LENDO: LPAREN (
LENDO: ID x
LENDO: COLON :
LENDO: ID i32
LENDO: COMMA ,
LENDO: ID y
LENDO: COLON :
LENDO: ID i32
LENDO: COMMA ,
LENDO: ID z
LENDO: COLON :
LENDO: ID i32
LENDO: RPAREN )
LENDO: LBRACE {
LENDO: KW_LET let
LENDO: KW_MUT mut
LENDO: ID r
LENDO: COLON :
LENDO: ID i32
LENDO: EQ =
LENDO: LIT_INT_DEC 0
LENDO: SEMI ;
LENDO: KW_IF if
LENDO: LPAREN (
LENDO: ID x
LENDO: GT >
LENDO: ID y
LENDO: PLUS +
LENDO: ID z
LENDO: RPAREN )
LENDO: LBRACE {
LENDO: ID r
LENDO: EQ =
LENDO: LIT_INT_DEC 1
LENDO: SEMI ;
LENDO: RBRACE }
LENDO: RBRACE }
LENDO: $ $
