LENDO: KW_FN fn
LENDO: ID F22
LENDO: LPAREN (
LENDO: ID a
LENDO: COLON :
LENDO: ID i32
LENDO: COMMA ,
LENDO: ID b
LENDO: COLON :
LENDO: ID i32
LENDO: COMMA ,
LENDO: ID c
LENDO: COLON :
LENDO: ID i32
LENDO: RPAREN )
LENDO: LBRACE {
LENDO: KW_LET let
LENDO: KW_MUT mut
LENDO: ID flag
LENDO: COLON :
LENDO: ID i32
LENDO: SEMI ;
LENDO: KW_IF if
LENDO: LPAREN (
LENDO: ID a
LENDO: LT <
LENDO: ID b
LENDO: PLUS +
LENDO: ID c
LENDO: RPAREN )
LENDO: LBRACE {
LENDO: ID flag
LENDO: EQ =
LENDO: LIT_INT_DEC 0
LENDO: SEMI ;
LENDO: RBRACE }
LENDO: KW_ELSE else
LENDO: LBRACE {
LENDO: ID flag
LENDO: EQ =
LENDO: LIT_INT_DEC 1
LENDO: SEMI ;
LENDO: RBRACE }
LENDO: RBRACE }
LENDO: $ $
