LENDO: KW_FN fn
LENDO: ID F23
LENDO: LPAREN (
LENDO: ID start
LENDO: COLON :
LENDO: ID i32
LENDO: COMMA ,
LENDO: ID limit
LENDO: COLON :
LENDO: ID i32
LENDO: COMMA ,
LENDO: ID step
LENDO: COLON :
LENDO: ID i32
LENDO: RPAREN )
LENDO: LBRACE {
LENDO: KW_LET let
LENDO: KW_MUT mut
LENDO: ID i
LENDO: COLON :
LENDO: ID i32
LENDO: EQ =
LENDO: ID start
LENDO: SEMI ;
LENDO: KW_LET let
LENDO: KW_MUT mut
LENDO: ID total
LENDO: COLON :
LENDO: ID i32
LENDO: EQ =
LENDO: LIT_INT_DEC 0
LENDO: SEMI ;
LENDO: KW_WHILE while
LENDO: LPAREN (
LENDO: ID i
LENDO: LT <
LENDO: ID limit
LENDO: RPAREN )
LENDO: LBRACE {
LENDO: ID total
LENDO: EQ =
LENDO: ID total
LENDO: PLUS +
LENDO: ID i
LENDO: SEMI ;
LENDO: ID i
LENDO: EQ =
LENDO: ID i
LENDO: PLUS +
LENDO: ID step
LENDO: SEMI ;
LENDO: RBRACE }
LENDO: RBRACE }
LENDO: $ $
