LENDO: KW_FN fn
LENDO: ID F24
LENDO: LPAREN (
LENDO: ID from
LENDO: COLON :
LENDO: ID i32
LENDO: COMMA ,
LENDO: ID to
LENDO: COLON :
LENDO: ID i32
LENDO: COMMA ,
LENDO: ID step
LENDO: COLON :
LENDO: ID i32
LENDO: RPAREN )
LENDO: LBRACE {
LENDO: KW_LET let
LENDO: KW_MUT mut
LENDO: ID i
LENDO: COLON :
LENDO: ID i32
LENDO: SEMI ;
LENDO: KW_LET let
LENDO: KW_MUT mut
LENDO: ID product
LENDO: COLON :
LENDO: ID i32
LENDO: EQ =
LENDO: LIT_INT_DEC 1
LENDO: SEMI ;
LENDO: ID i
LENDO: EQ =
LENDO: ID from
LENDO: SEMI ;
LENDO: KW_WHILE while
LENDO: LPAREN (
LENDO: ID i
LENDO: LT <
LENDO: ID to
LENDO: RPAREN )
LENDO: LBRACE {
LENDO: ID product
LENDO: EQ =
LENDO: ID product
LENDO: STAR *
LENDO: ID i
LENDO: SEMI ;
LENDO: ID i
LENDO: EQ =
LENDO: ID i
LENDO: PLUS +
LENDO: ID step
LENDO: SEMI ;
LENDO: RBRACE }
LENDO: RBRACE }
LENDO: $ $
