LENDO: KW_FN fn
LENDO: ID F25
LENDO: LPAREN (
LENDO: ID val
LENDO: COLON :
LENDO: ID i32
LENDO: COMMA ,
LENDO: ID times
LENDO: COLON :
LENDO: ID i32
LENDO: COMMA ,
LENDO: ID factor
LENDO: COLON :
LENDO: ID i32
LENDO: RPAREN )
LENDO: LBRACE {
LENDO: KW_LET let
LENDO: KW_MUT mut
LENDO: ID i
LENDO: COLON :
LENDO: ID i32
LENDO: EQ =
LENDO: LIT_INT_DEC 0
LENDO: SEMI ;
LENDO: KW_LET let
LENDO: KW_MUT mut
LENDO: ID result
LENDO: COLON :
LENDO: ID i32
LENDO: EQ =
LENDO: ID val
LENDO: SEMI ;
LENDO: ID result
LENDO: EQ =
LENDO: ID result
LENDO: STAR *
LENDO: ID factor
LENDO: SEMI ;
LENDO: ID i
LENDO: EQ =
LENDO: ID i
LENDO: PLUS +
LENDO: LIT_INT_DEC 1
LENDO: SEMI ;
LENDO: KW_WHILE while
LENDO: LPAREN (
LENDO: ID i
LENDO: LT <
LENDO: ID times
LENDO: RPAREN )
LENDO: LBRACE {
LENDO: ID result
LENDO: EQ =
LENDO: ID result
LENDO: STAR *
LENDO: ID factor
LENDO: SEMI ;
LENDO: ID i
LENDO: EQ =
LENDO: ID i
LENDO: PLUS +
LENDO: LIT_INT_DEC 1
LENDO: SEMI ;
LENDO: RBRACE }
LENDO: RBRACE }
LENDO: $ $
