LENDO: KW_FN fn
LENDO: ID F28
LENDO: LPAREN (
LENDO: ID n
LENDO: COLON :
LENDO: ID i32
LENDO: COMMA ,
LENDO: ID a
LENDO: COLON :
LENDO: ID i32
LENDO: COMMA ,
LENDO: ID b
LENDO: COLON :
LENDO: ID i32
LENDO: RPAREN )
LENDO: ARROW ->
LENDO: ID i32
LENDO: LBRACE {
LENDO: KW_LET let
LENDO: KW_MUT mut
LENDO: ID sum
LENDO: COLON :
LENDO: ID i32
LENDO: EQ =
LENDO: LIT_INT_DEC 0
LENDO: SEMI ;
LENDO: KW_IF if
LENDO: LPAREN (
LENDO: ID n
LENDO: LE <=
LENDO: LIT_INT_DEC 0
LENDO: RPAREN )
LENDO: LBRACE {
LENDO: KW_RETURN return
LENDO: LIT_INT_DEC 0
LENDO: SEMI ;
LENDO: RBRACE }
LENDO: KW_IF if
LENDO: LPAREN (
LENDO: ID a
LENDO: GT >
LENDO: ID b
LENDO: RPAREN )
LENDO: LBRACE {
LENDO: ID sum
LENDO: EQ =
LENDO: ID a
LENDO: MINUS -
LENDO: ID b
LENDO: SEMI ;
LENDO: RBRACE }
LENDO: KW_ELSE else
LENDO: LBRACE {
LENDO: ID sum
LENDO: EQ =
LENDO: ID b
LENDO: MINUS -
LENDO: ID a
LENDO: SEMI ;
LENDO: RBRACE }
LENDO: KW_WHILE while
LENDO: LPAREN (
LENDO: ID n
LENDO: GT >
LENDO: LIT_INT_DEC 0
LENDO: RPAREN )
LENDO: LBRACE {
LENDO: ID sum
LENDO: EQ =
LENDO: ID sum
LENDO: PLUS +
LENDO: ID n
LENDO: SEMI ;
LENDO: ID n
LENDO: EQ =
LENDO: ID n
LENDO: MINUS -
LENDO: LIT_INT_DEC 1
LENDO: SEMI ;
LENDO: RBRACE }
LENDO: ID n
LENDO: EQ =
LENDO: LIT_INT_DEC 0
LENDO: SEMI ;
LENDO: KW_WHILE while
LENDO: LPAREN (
LENDO: ID n
LENDO: LT <
LENDO: LIT_INT_DEC 3
LENDO: RPAREN )
LENDO: LBRACE {
LENDO: ID sum
LENDO: EQ =
LENDO: ID sum
LENDO: PLUS +
LENDO: ID n
LENDO: SEMI ;
LENDO: ID n
LENDO: EQ =
LENDO: ID n
LENDO: PLUS +
LENDO: LIT_INT_DEC 1
LENDO: SEMI ;
LENDO: RBRACE }
LENDO: KW_IF if
LENDO: LPAREN (
LENDO: ID sum
LENDO: GT >
LENDO: LIT_INT_DEC 10
LENDO: RPAREN )
LENDO: LBRACE {
LENDO: KW_RETURN return
LENDO: ID F50
LENDO: LPAREN (
LENDO: ID sum
LENDO: SLASH /
LENDO: LIT_INT_DEC 3
LENDO: COMMA ,
LENDO: ID a
LENDO: COMMA ,
LENDO: ID b
LENDO: RPAREN )
LENDO: SEMI ;
LENDO: RBRACE }
LENDO: KW_RETURN return
LENDO: ID sum
LENDO: SEMI ;
LENDO: RBRACE }
LENDO: $ $
