LENDO: KW_FN fn
LENDO: ID F50
LENDO: LPAREN (
LENDO: ID n
LENDO: COLON :
LENDO: ID i32
LENDO: COMMA ,
LENDO: ID a
LENDO: COLON :
LENDO: ID i32
LENDO: COMMA ,
LENDO: ID b
LENDO: COLON :
LENDO: ID i32
LENDO: RPAREN )
LENDO: ARROW ->
LENDO: ID i32
LENDO: LBRACE {
LENDO: KW_LET let
LENDO: KW_MUT mut
LENDO: ID sum
LENDO: COLON :
LENDO: ID i32
LENDO: EQ =
LENDO: LIT_INT_DEC 0
LENDO: SEMI ;
LENDO: KW_LET let
LENDO: KW_MUT mut
LENDO: ID temp
LENDO: COLON :
LENDO: ID i32
LENDO: EQ =
LENDO: LPAREN (
LENDO: ID a
LENDO: STAR *
LENDO: ID b
LENDO: RPAREN )
LENDO: MINUS -
LENDO: LPAREN (
LENDO: ID a
LENDO: PLUS +
LENDO: ID b
LENDO: RPAREN )
LENDO: SLASH /
LENDO: LIT_INT_DEC 2
LENDO: SEMI ;
LENDO: KW_IF if
LENDO: LPAREN (
LENDO: LPAREN (
LENDO: ID n
LENDO: PERCENT %
LENDO: LIT_INT_DEC 2
LENDO: EQEQ ==
LENDO: LIT_INT_DEC 0
LENDO: RPAREN )
LENDO: AMPAMP &&
LENDO: LPAREN (
LENDO: ID a
LENDO: PLUS +
LENDO: ID b
LENDO: GT >
LENDO: LIT_INT_DEC 0
LENDO: RPAREN )
LENDO: RPAREN )
LENDO: LBRACE {
LENDO: ID sum
LENDO: EQ =
LENDO: LPAREN (
LENDO: ID n
LENDO: STAR *
LENDO: ID n
LENDO: RPAREN )
LENDO: PLUS +
LENDO: LPAREN (
LENDO: ID a
LENDO: STAR *
LENDO: LIT_INT_DEC 2
LENDO: RPAREN )
LENDO: MINUS -
LENDO: LPAREN (
LENDO: ID b
LENDO: SLASH /
LENDO: LIT_INT_DEC 2
LENDO: RPAREN )
LENDO: SEMI ;
LENDO: RBRACE }
LENDO: KW_IF if
LENDO: LPAREN (
LENDO: LPAREN (
LENDO: ID a
LENDO: STAR *
LENDO: ID a
LENDO: PLUS +
LENDO: ID b
LENDO: STAR *
LENDO: ID b
LENDO: RPAREN )
LENDO: PERCENT %
LENDO: LIT_INT_DEC 3
LENDO: EQEQ ==
LENDO: LIT_INT_DEC 0
LENDO: RPAREN )
LENDO: LBRACE {
LENDO: ID sum
LENDO: EQ =
LENDO: ID sum
LENDO: PLUS +
LENDO: LPAREN (
LENDO: ID a
LENDO: PLUS +
LENDO: ID b
LENDO: RPAREN )
LENDO: STAR *
LENDO: LPAREN (
LENDO: ID a
LENDO: MINUS -
LENDO: ID b
LENDO: RPAREN )
LENDO: SEMI ;
LENDO: RBRACE }
LENDO: KW_ELSE else
LENDO: LBRACE {
LENDO: ID sum
LENDO: EQ =
LENDO: ID sum
LENDO: MINUS -
LENDO: LPAREN (
LENDO: LPAREN (
LENDO: ID a
LENDO: PLUS +
LENDO: ID b
LENDO: RPAREN )
LENDO: STAR *
LENDO: LPAREN (
LENDO: ID a
LENDO: PLUS +
LENDO: ID b
LENDO: RPAREN )
LENDO: RPAREN )
LENDO: SLASH /
LENDO: LPAREN (
LENDO: ID n
LENDO: PLUS +
LENDO: LIT_INT_DEC 1
LENDO: RPAREN )
LENDO: SEMI ;
LENDO: RBRACE }
LENDO: KW_WHILE while
LENDO: LPAREN (
LENDO: ID n
LENDO: GT >
LENDO: LIT_INT_DEC 1
LENDO: RPAREN )
LENDO: LBRACE {
LENDO: ID sum
LENDO: EQ =
LENDO: ID sum
LENDO: PLUS +
LENDO: LPAREN (
LENDO: ID n
LENDO: STAR *
LENDO: ID temp
LENDO: RPAREN )
LENDO: MINUS -
LENDO: LPAREN (
LENDO: ID n
LENDO: PERCENT %
LENDO: LIT_INT_DEC 3
LENDO: RPAREN )
LENDO: PLUS +
LENDO: LPAREN (
LENDO: ID a
LENDO: PLUS +
LENDO: ID b
LENDO: RPAREN )
LENDO: SEMI ;
LENDO: ID n
LENDO: EQ =
LENDO: ID n
LENDO: MINUS -
LENDO: LPAREN (
LENDO: LPAREN (
LENDO: ID n
LENDO: PERCENT %
LENDO: LIT_INT_DEC 2
LENDO: RPAREN )
LENDO: PLUS +
LENDO: LIT_INT_DEC 1
LENDO: RPAREN )
LENDO: SEMI ;
LENDO: RBRACE }
LENDO: ID n
LENDO: EQ =
LENDO: LIT_INT_DEC 0
LENDO: SEMI ;
LENDO: KW_WHILE while
LENDO: LPAREN (
LENDO: ID n
LENDO: LT <
LENDO: LIT_INT_DEC 4
LENDO: RPAREN )
LENDO: LBRACE {
LENDO: ID sum
LENDO: EQ =
LENDO: ID sum
LENDO: PLUS +
LENDO: LPAREN (
LENDO: ID n
LENDO: STAR *
LENDO: ID n
LENDO: RPAREN )
LENDO: MINUS -
LENDO: LPAREN (
LENDO: ID a
LENDO: MINUS -
LENDO: ID b
LENDO: RPAREN )
LENDO: STAR *
LENDO: LPAREN (
LENDO: ID n
LENDO: PLUS +
LENDO: LIT_INT_DEC 1
LENDO: RPAREN )
LENDO: SEMI ;
LENDO: ID n
LENDO: EQ =
LENDO: ID n
LENDO: PLUS +
LENDO: LIT_INT_DEC 1
LENDO: SEMI ;
LENDO: RBRACE }
LENDO: KW_IF if
LENDO: LPAREN (
LENDO: ID sum
LENDO: GT >
LENDO: LIT_INT_DEC 100
LENDO: RPAREN )
LENDO: LBRACE {
LENDO: KW_LET let
LENDO: KW_MUT mut
LENDO: ID r
LENDO: COLON :
LENDO: ID i32
LENDO: EQ =
LENDO: LPAREN (
LENDO: LPAREN (
LENDO: ID sum
LENDO: SLASH /
LENDO: LIT_INT_DEC 3
LENDO: RPAREN )
LENDO: MINUS -
LENDO: ID F50
LENDO: LPAREN (
LENDO: ID n
LENDO: PLUS +
LENDO: LIT_INT_DEC 1
LENDO: COMMA ,
LENDO: ID a
LENDO: MINUS -
LENDO: LIT_INT_DEC 1
LENDO: COMMA ,
LENDO: ID b
LENDO: PLUS +
LENDO: LIT_INT_DEC 2
LENDO: RPAREN )
LENDO: RPAREN )
LENDO: STAR *
LENDO: LIT_INT_DEC 2
LENDO: PLUS +
LENDO: LPAREN (
LENDO: ID a
LENDO: PERCENT %
LENDO: LIT_INT_DEC 3
LENDO: RPAREN )
LENDO: SEMI ;
LENDO: ID sum
LENDO: EQ =
LENDO: ID sum
LENDO: PLUS +
LENDO: ID r
LENDO: SEMI ;
LENDO: RBRACE }
LENDO: KW_RETURN return
LENDO: ID sum
LENDO: PLUS +
LENDO: LPAREN (
LENDO: LPAREN (
LENDO: ID a
LENDO: STAR *
LENDO: ID b
LENDO: RPAREN )
LENDO: PERCENT %
LENDO: LPAREN (
LENDO: ID n
LENDO: PLUS +
LENDO: LIT_INT_DEC 2
LENDO: RPAREN )
LENDO: RPAREN )
LENDO: MINUS -
LENDO: ID temp
LENDO: SEMI ;
LENDO: RBRACE }
LENDO: $ $
