LENDO: KW_FN fn
LENDO: ID F5
LENDO: LPAREN (
LENDO: RPAREN )
LENDO: LBRACE {
LENDO: KW_LET let
LENDO: KW_MUT mut
LENDO: ID x
LENDO: COLON :
LENDO: ID i32
LENDO: EQ =
LENDO: LIT_INT_DEC 5
LENDO: SEMI ;
LENDO: KW_LET let
LENDO: KW_MUT mut
LENDO: ID y
LENDO: COLON :
LENDO: ID i32
LENDO: EQ =
LENDO: LIT_INT_DEC 0
LENDO: SEMI ;
LENDO: KW_IF if
LENDO: LPAREN (
LENDO: ID x
LENDO: GT >
LENDO: LIT_INT_DEC 2
LENDO: RPAREN )
LENDO: LBRACE {
LENDO: ID y
LENDO: EQ =
LENDO: LIT_INT_DEC 1
LENDO: SEMI ;
LENDO: RBRACE }
LENDO: RBRACE }
LENDO: $ $
